numba=True  max putt on flat = 60.0 studs (18.0 m) at 19.78 studs/s (5.9 m/s)
H1 Lantern Gate: good 2.02 [14, 1935, 51, 0, 0, 0, 0, 0] hio 0.007 | avg 2.45 [0, 1160, 784, 56, 0, 0, 0, 0] hio 0.000 | HIO-search refine 43/10920 {'aim_deg': 244.25000000000003, 'speed': 19.78, 'phase': 0.0} | [] (3s)
H2 Acorn Ledge: good 2.01 [169, 1646, 185, 0, 0, 0, 0, 0] hio 0.085 | avg 2.63 [0, 834, 1071, 91, 4, 0, 0, 0] hio 0.000 | HIO-search 45/34560 {'aim_deg': 252.0, 'speed': 18.668953191489365, 'phase': 0.0} | [] (3s)
H3 Toadstool Row: good 2.79 [52, 890, 733, 184, 72, 39, 18, 12] hio 0.026 | avg 3.81 [0, 217, 648, 660, 322, 105, 32, 16] hio 0.000 | HIO-search 3/34560 {'aim_deg': 243.50000000000003, 'speed': 19.78, 'phase': 0.0} | [] (5s)
H4 Spore Spinner: good 3.84 [36, 258, 698, 472, 275, 130, 61, 70] hio 0.018 | avg 4.09 [15, 285, 562, 475, 281, 176, 98, 108] hio 0.007 | HIO-search 98/276480 {'aim_deg': 272.5, 'speed': 17.92825531914894, 'phase': 1.5} | [] (24s)
H5 Rootbridge Crossing: good 2.49 [44, 1406, 163, 320, 44, 20, 1, 2] hio 0.022 | avg 3.79 [0, 0, 684, 1068, 225, 23, 0, 0] hio 0.000 | HIO-search 8/34560 {'aim_deg': 271.5, 'speed': 17.557906382978725, 'phase': 0.0} | [] (4s)
H6 Mill Wheel Run: good 3.18 [160, 349, 909, 352, 112, 55, 29, 34] hio 0.080 | avg 3.63 [0, 129, 809, 812, 193, 35, 15, 7] hio 0.000 | HIO-search 46/276480 {'aim_deg': 278.0, 'speed': 19.78, 'phase': 0.0} | [] (18s)
H7 Cascade Steps: good 2.74 [41, 759, 963, 175, 45, 11, 3, 3] hio 0.021 | avg 2.87 [33, 605, 1043, 243, 60, 12, 4, 0] hio 0.017 | HIO-search 97/276480 {'aim_deg': 283.0, 'speed': 13.484068085106385, 'phase': 0.0} | ['WARN:timeouts'] (12s)
H8 Firefly Hollow: good 3.30 [114, 765, 500, 227, 126, 77, 76, 115] hio 0.057 | avg 4.95 [0, 0, 0, 621, 1066, 195, 22, 96] hio 0.000 | HIO-search 468/276480 {'aim_deg': 225.5, 'speed': 19.40965106382979, 'phase': 0.0} | [] (15s)
H9 Heart of the Grove: good 3.50 [64, 533, 516, 432, 263, 109, 45, 38] hio 0.032 | avg 4.02 [28, 273, 552, 489, 336, 167, 76, 79] hio 0.014 | HIO-search 459/276480 {'aim_deg': 292.0, 'speed': 18.29860425531915, 'phase': 1.5} | [] (23s)

| # | Hole | Par | Good avg | Good HIO | Good capped | Avg avg | Avg HIO | Avg capped | Avg hazards/play | HIO search hits | Flags |
|---|---|---|---|---|---|---|---|---|---|---|---|
| 1 | Lantern Gate | 2 | 2.02 | 0.7% | 0.0% | 2.45 | 0.0% | 0.0% | 0.00 | refine 43/10920 | ok |
| 2 | Acorn Ledge | 2 | 2.01 | 8.5% | 0.0% | 2.63 | 0.0% | 0.0% | 0.00 | 45/34560 | ok |
| 3 | Toadstool Row | 3 | 2.79 | 2.6% | 0.4% | 3.81 | 0.0% | 0.4% | 0.00 | 3/34560 | ok |
| 4 | Spore Spinner | 3 | 3.84 | 1.8% | 1.7% | 4.09 | 0.8% | 2.5% | 0.00 | 98/276480 | ok |
| 5 | Rootbridge Crossing | 3 | 2.49 | 2.2% | 0.0% | 3.79 | 0.0% | 0.0% | 0.00 | 8/34560 | ok |
| 6 | Mill Wheel Run | 3 | 3.18 | 8.0% | 0.9% | 3.63 | 0.0% | 0.0% | 0.01 | 46/276480 | ok |
| 7 | Cascade Steps | 3 | 2.74 | 2.1% | 0.1% | 2.87 | 1.7% | 0.0% | 0.01 | 97/276480 | WARN:timeouts |
| 8 | Firefly Hollow | 4 | 3.30 | 5.7% | 4.0% | 4.95 | 0.0% | 4.2% | 0.00 | 468/276480 | ok |
| 9 | Heart of the Grove | 4 | 3.50 | 3.2% | 0.9% | 4.02 | 1.4% | 1.6% | 0.00 | 459/276480 | ok |
