numba=True  max putt on flat = 60.0 studs (18.0 m) at 19.78 studs/s (5.9 m/s)
H1 Lantern Gate: good 1.97 [63, 1931, 6, 0, 0, 0, 0, 0] hio 0.032 | avg 2.14 [147, 1441, 395, 16, 1, 0, 0, 0] hio 0.073 | HIO-search 189/34560 {'aim_deg': 278.0, 'speed': 17.187557446808512, 'phase': 0.0} | [] (10s)
H2 Acorn Ledge: good 2.21 [251, 1081, 668, 0, 0, 0, 0, 0] hio 0.126 | avg 2.43 [183, 997, 627, 169, 19, 5, 0, 0] hio 0.091 | HIO-search 235/34560 {'aim_deg': 253.0, 'speed': 13.484068085106385, 'phase': 0.0} | [] (3s)
H3 Toadstool Row: good 2.00 [10, 1988, 2, 0, 0, 0, 0, 0] hio 0.005 | avg 3.32 [0, 325, 903, 613, 130, 21, 8, 0] hio 0.000 | HIO-search 32/34560 {'aim_deg': 245.5, 'speed': 18.668953191489365, 'phase': 0.0} | ['TRIVIAL:good-avg<par-1'] (4s)
H4 Spore Spinner: good 3.77 [22, 265, 748, 491, 243, 121, 51, 59] hio 0.011 | avg 4.09 [15, 285, 562, 475, 281, 176, 98, 108] hio 0.007 | HIO-search 98/276480 {'aim_deg': 272.5, 'speed': 19.78, 'phase': 6.0} | [] (22s)
H5 Rootbridge Crossing: good 2.20 [0, 1690, 236, 62, 10, 2, 0, 0] hio 0.000 | avg 3.81 [0, 0, 651, 1098, 228, 23, 0, 0] hio 0.000 | HIO-search refine 9/10920 {'aim_deg': 266.05, 'speed': 19.78, 'phase': 0.0} | [] (4s)
H6 Mill Wheel Run: good 3.75 [0, 84, 1109, 426, 163, 97, 66, 55] hio 0.000 | avg 3.70 [0, 145, 767, 763, 224, 73, 24, 4] hio 0.000 | HIO-search 164/276480 {'aim_deg': 266.0, 'speed': 19.78, 'phase': 6.0} | [] (22s)
H7 Cascade Steps: good 2.82 [11, 690, 1052, 178, 49, 15, 3, 2] hio 0.005 | avg 2.87 [33, 605, 1043, 243, 60, 12, 4, 0] hio 0.017 | HIO-search 97/276480 {'aim_deg': 281.5, 'speed': 13.484068085106385, 'phase': 6.0} | ['WARN:timeouts'] (12s)
H8 Firefly Hollow: good 4.14 [0, 182, 756, 466, 213, 135, 78, 170] hio 0.000 | avg 4.95 [0, 0, 0, 621, 1066, 195, 22, 96] hio 0.000 | HIO-search 66/276480 {'aim_deg': 211.0, 'speed': 19.78, 'phase': 3.0} | [] (16s)
H9 Heart of the Grove: good 3.40 [16, 676, 512, 372, 245, 107, 41, 31] hio 0.008 | avg 3.85 [123, 292, 494, 459, 336, 155, 73, 68] hio 0.061 | HIO-search 824/276480 {'aim_deg': 251.49999999999997, 'speed': 17.557906382978725, 'phase': 4.5} | [] (23s)

| # | Hole | Par | Good avg | Good HIO | Good capped | Avg avg | Avg HIO | Avg capped | Avg hazards/play | HIO search hits | Flags |
|---|---|---|---|---|---|---|---|---|---|---|---|
| 1 | Lantern Gate | 2 | 1.97 | 3.1% | 0.0% | 2.14 | 7.3% | 0.0% | 0.00 | 189/34560 | ok |
| 2 | Acorn Ledge | 2 | 2.21 | 12.6% | 0.0% | 2.43 | 9.2% | 0.0% | 0.01 | 235/34560 | ok |
| 3 | Toadstool Row | 3 | 2.00 | 0.5% | 0.0% | 3.32 | 0.0% | 0.0% | 0.00 | 32/34560 | TRIVIAL:good-avg<par-1 |
| 4 | Spore Spinner | 3 | 3.77 | 1.1% | 1.4% | 4.09 | 0.8% | 2.5% | 0.00 | 98/276480 | ok |
| 5 | Rootbridge Crossing | 3 | 2.20 | 0.0% | 0.0% | 3.81 | 0.0% | 0.0% | 0.00 | refine 9/10920 | ok |
| 6 | Mill Wheel Run | 3 | 3.75 | 0.0% | 1.4% | 3.70 | 0.0% | 0.0% | 0.01 | 164/276480 | ok |
| 7 | Cascade Steps | 3 | 2.82 | 0.5% | 0.1% | 2.87 | 1.7% | 0.0% | 0.01 | 97/276480 | WARN:timeouts |
| 8 | Firefly Hollow | 4 | 4.14 | 0.0% | 5.3% | 4.95 | 0.0% | 4.2% | 0.00 | 66/276480 | ok |
| 9 | Heart of the Grove | 4 | 3.40 | 0.8% | 0.9% | 3.85 | 6.2% | 1.1% | 0.00 | 824/276480 | ok |
